// Jest Snapshot v1, https://goo.gl/fbAQLP

exports[`test in <DeleteFab/> should to look correctly 1`] = `
<button
  className="fabs delete"
  onClick={[Function]}
>
  <i
    className="fa-solid fa-trash-can"
  />
</button>
`;
